P16 assembler v1.5 (Feb  9 2024)	c:\Users\ritam\OneDrive\Ambiente de Trabalho\LEIC 2 ANO\2semestre\AC\labs_code\lab01.lst	Wed Mar 06 11:10:35 2024

Sections
Index   Name            Address   Size
0       .text           0000      0016 22

Symbols
Name                    Type      Value       Section
if                      LABEL     0004 4      .text
if_end                  LABEL     0014 20     .text
line#41                 LABEL     0014 20     .text
while                   LABEL     000A 10     .text
while_end               LABEL     0014 20     .text

Code listing
   1           	; -----------------------------------------------------------------------------
   2           	; Ficheiro:  lab01.S
   3           	; Descricao: Codigo de suporte a realizacao da 1a atividade laboratorial de AC.
   4           	; Autor:     Tiago M Dias (tiago.dias@isel.pt)
   5           	; Data:      11-03-2022
   6           	; -----------------------------------------------------------------------------
   7           	
   8           		; r0 guarda o valor da variavel M
   9           		; r1 guarda o valor da variavel m
  10           		; r2 guarda o valor da variavel p
  11           		; r3 e utilizado para guardar valores temporariamente
  12           	
  13           	;	mov	r2, #0
  14           	;while:
  15           	;	mov	r3, #0
  16           	;	cmp	r3, r1
  17           	;	bhs	while_end
  18           	;	add	r2, r2, r0
  19           	;	sub	r1, r1, #1
  20           	;	b	while
  21           	;while_end:
  22           	;	b	.
  23           	;
  24           	;versão antiga antes de 
  25 0000 02 60		mov r2, #0		;p = 0
  26 0002 03 60		mov r3, #0		; aux = 0
  27           	if:
  28 0004 30 B8		cmp r3, r0		; aux - M
  29 0006 01 40		beq while			; M != 0
  30 0008 05 58		b if_end	
  31           	
  32           	while:
  33 000A B0 B8		cmp r3, r1
  34 000C 03 48		bhs while_end
  35 000E 22 80		add r2, r2, r0
  36 0010 91 A8		sub r1, r1, #1
  37 0012 FB 5B		b while
  38           	while_end:
  39           	
  40           	if_end:
  41 0014 FF 5B		b 	.
  41           	
